../Core/Src/main.c:90:5:main	240	static
../Core/Src/main.c:183:6:SystemClock_Config	72	static
../Core/Src/main.c:223:13:MX_SPI2_Init	8	static
../Core/Src/main.c:261:13:MX_USART1_UART_Init	8	static
../Core/Src/main.c:292:13:MX_DMA_Init	16	static
../Core/Src/main.c:310:13:MX_GPIO_Init	40	static
../Core/Src/main.c:335:5:__io_putchar	16	static
../Core/Src/main.c:357:6:HAL_Delay	16	static
../Core/Src/main.c:367:6:HAL_UART_RxCpltCallback	32	static
../Core/Src/main.c:420:9:write_SD_card	32	static
../Core/Src/main.c:458:9:open_append	24	static
../Core/Src/main.c:476:6:process_SD_card	8416	static
../Core/Src/main.c:558:6:Error_Handler	4	static,ignoring_inline_asm
