../Core/Src/main.c:149:5:main	120	static
../Core/Src/main.c:654:6:SystemClock_Config	96	static
../Core/Src/main.c:699:13:MX_I2C1_Init	8	static
../Core/Src/main.c:747:13:MX_I2C2_Init	8	static
../Core/Src/main.c:795:13:MX_LPUART1_UART_Init	8	static
../Core/Src/main.c:843:13:MX_USART2_UART_Init	8	static
../Core/Src/main.c:891:13:MX_TIM4_Init	64	static
../Core/Src/main.c:948:13:MX_DMA_Init	16	static
../Core/Src/main.c:967:13:MX_GPIO_Init	64	static
../Core/Src/main.c:1215:6:HAL_UART_RxCpltCallback	56	static
../Core/Src/main.c:1228:6:HAL_TIM_PeriodElapsedCallback	16	static
../Core/Src/main.c:1251:6:summary	40	static
../Core/Src/main.c:1273:6:encode	32	static
../Core/Src/main.c:1282:6:display_menu	8	static
../Core/Src/main.c:1316:6:calibrate	40	static
../Core/Src/main.c:1412:6:release_food	24	static
../Core/Src/main.c:1443:6:release_water	16	static
../Core/Src/main.c:1473:1:__io_putchar	16	static
../Core/Src/main.c:1479:6:HAL_GPIO_EXTI_Callback	16	static
../Core/Src/main.c:1597:6:Error_Handler	4	static,ignoring_inline_asm
